============================================================
  Generated by:           Genus(TM) Synthesis Solution 20.11-s111_1
  Generated on:           Nov 15 2024  12:24:35 pm
  Module:                 spi_i2c_bridge
  Operating conditions:   _nominal_ (balanced_tree)
  Wireload mode:          enclosed
  Area mode:              timing library
============================================================


Path 1: MET (14 ps) Late External Delay Assertion at pin i2c_scl
          Group: clk
     Startpoint: (R) i2c_clk
          Clock: (R) clk
       Endpoint: (R) i2c_scl
          Clock: (R) clk

                     Capture       Launch     
        Clock Edge:+     620            0     
        Drv Adjust:+       0            0     
       Src Latency:+       0            0     
       Net Latency:+       0 (I)        0 (I) 
           Arrival:=     620            0     
                                              
      Output Delay:-     300                  
       Uncertainty:-       6                  
     Required Time:=     314                  
      Launch Clock:-       0                  
       Input Delay:-     300                  
         Data Path:-       0                  
             Slack:=      14                  

Exceptions/Constraints:
  input_delay              300             constraints.sdc_2_line_31 
  output_delay             300             constraints.sdc_2_line_38 

#---------------------------------------------------------------------------------------
# Timing Point   Flags   Arc   Edge   Cell     Fanout Load Trans Delay Arrival Instance 
#                                                     (fF)  (ps)  (ps)   (ps)  Location 
#---------------------------------------------------------------------------------------
  i2c_clk        (i)     -     R     (arrival)     14  0.0     0     0     300    (-,-) 
  i2c_scl        <<<     -     R     (port)         -    -     -     0     300    (-,-) 
#---------------------------------------------------------------------------------------

(i) : Net is ideal.

